// Jest Snapshot v1, https://goo.gl/fbAQLP

exports[`subscribe component should render component 1`] = `
<button
  className="button"
>
  <span
    className="button__inner"
  />
</button>
`;
