// Jest Snapshot v1, https://goo.gl/fbAQLP

exports[`subscribe component should render component 1`] = `
<div>
  Page not found
</div>
`;
